[INFO] Scanning for projects...
[INFO] ------------------------------------------------------------------------
[INFO] Reactor Build Order:
[INFO] 
[INFO] ruoyi                                                              [pom]
[INFO] ruoyi-common                                                       [jar]
[INFO] ruoyi-system                                                       [jar]
[INFO] ruoyi-framework                                                    [jar]
[INFO] ruoyi-quartz                                                       [jar]
[INFO] ruoyi-generator                                                    [jar]
[INFO] ruoyi-hospital                                                     [jar]
[INFO] ruoyi-admin                                                        [jar]
[INFO] 
[INFO] --------------------------< com.ruoyi:ruoyi >---------------------------
[INFO] Building ruoyi 3.9.1                                               [1/8]
[INFO]   from pom.xml
[INFO] --------------------------------[ pom ]---------------------------------
[INFO] 
[INFO] >>> spring-boot:2.5.15:run (default-cli) > test-compile @ ruoyi >>>
[INFO] 
[INFO] <<< spring-boot:2.5.15:run (default-cli) < test-compile @ ruoyi <<<
[INFO] 
[INFO] 
[INFO] --- spring-boot:2.5.15:run (default-cli) @ ruoyi ---
[INFO] ------------------------------------------------------------------------
[INFO] Reactor Summary for ruoyi 3.9.1:
[INFO] 
[INFO] ruoyi .............................................. FAILURE [  0.620 s]
[INFO] ruoyi-common ....................................... SKIPPED
[INFO] ruoyi-system ....................................... SKIPPED
[INFO] ruoyi-framework .................................... SKIPPED
[INFO] ruoyi-quartz ....................................... SKIPPED
[INFO] ruoyi-generator .................................... SKIPPED
[INFO] ruoyi-hospital ..................................... SKIPPED
[INFO] ruoyi-admin ........................................ SKIPPED
[INFO] ------------------------------------------------------------------------
[INFO] BUILD FAILURE
[INFO] ------------------------------------------------------------------------
[INFO] Total time:  0.949 s
[INFO] Finished at: 2026-03-28T23:05:01+08:00
[INFO] ------------------------------------------------------------------------
[ERROR] Failed to execute goal org.springframework.boot:spring-boot-maven-plugin:2.5.15:run (default-cli) on project ruoyi: Unable to find a suitable main class, please add a 'mainClass' property -> [Help 1]
[ERROR] 
[ERROR] To see the full stack trace of the errors, re-run Maven with the -e switch.
[ERROR] Re-run Maven using the -X switch to enable full debug logging.
[ERROR] 
[ERROR] For more information about the errors and possible solutions, please read the following articles:
[ERROR] [Help 1] http://cwiki.apache.org/confluence/display/MAVEN/MojoExecutionException
